#! /usr/bin/vvp
:ivl_version "12.0 (stable)";
:ivl_delay_selection "TYPICAL";
:vpi_time_precision - 12;
:vpi_module "/usr/lib/x86_64-linux-gnu/ivl/system.vpi";
:vpi_module "/usr/lib/x86_64-linux-gnu/ivl/vhdl_sys.vpi";
:vpi_module "/usr/lib/x86_64-linux-gnu/ivl/vhdl_textio.vpi";
:vpi_module "/usr/lib/x86_64-linux-gnu/ivl/v2005_math.vpi";
:vpi_module "/usr/lib/x86_64-linux-gnu/ivl/va_math.vpi";
:vpi_module "/usr/lib/x86_64-linux-gnu/ivl/v2009.vpi";
S_0x60757d73fc30 .scope package, "$unit" "$unit" 2 1;
 .timescale 0 0;
S_0x60757d73a7f0 .scope module, "tb_cpu8" "tb_cpu8" 3 22;
 .timescale -9 -12;
v0x60757d76ae50_0 .var "clk", 0 0;
v0x60757d76af10_0 .var/i "cycle_count", 31 0;
v0x60757d76aff0_0 .net "dbg_a", 7 0, L_0x60757d733b70;  1 drivers
v0x60757d76b0f0_0 .net "dbg_b", 7 0, L_0x60757d705b50;  1 drivers
v0x60757d76b1c0_0 .net "dbg_carry", 0 0, L_0x60757d76ce00;  1 drivers
v0x60757d76b2b0_0 .net "dbg_ir", 7 0, L_0x60757d76cac0;  1 drivers
v0x60757d76b380_0 .net "dbg_pc", 7 0, L_0x60757d73e4c0;  1 drivers
v0x60757d76b450_0 .net "dbg_sp", 7 0, L_0x60757d76ca00;  1 drivers
v0x60757d76b520_0 .net "dbg_state", 3 0, L_0x60757d76cbd0;  1 drivers
v0x60757d76b5f0_0 .net "dbg_zero", 0 0, L_0x60757d76ccd0;  1 drivers
v0x60757d76b6c0_0 .var/i "expected", 31 0;
v0x60757d76b760_0 .net "halted", 0 0, L_0x60757d76bd80;  1 drivers
v0x60757d76b800_0 .var/i "have_expected", 31 0;
v0x60757d76b8c0_0 .var/str "hexfile";
v0x60757d76b980_0 .var "in_port", 7 0;
v0x60757d76ba40_0 .var/i "max_cycles", 31 0;
v0x60757d76bb00_0 .net "out_port", 7 0, v0x60757d76a7b0_0;  1 drivers
v0x60757d76bbf0_0 .var "reset", 0 0;
v0x60757d76bce0_0 .var/str "testname";
S_0x60757d73a0f0 .scope module, "dut" "cpu8" 3 35, 4 1 0, S_0x60757d73a7f0;
 .timescale -9 -12;
    .port_info 0 /INPUT 1 "clk";
    .port_info 1 /INPUT 1 "reset";
    .port_info 2 /INPUT 8 "in_port";
    .port_info 3 /OUTPUT 8 "out_port";
    .port_info 4 /OUTPUT 1 "halted";
    .port_info 5 /OUTPUT 8 "dbg_pc";
    .port_info 6 /OUTPUT 8 "dbg_a";
    .port_info 7 /OUTPUT 8 "dbg_b";
    .port_info 8 /OUTPUT 8 "dbg_sp";
    .port_info 9 /OUTPUT 8 "dbg_ir";
    .port_info 10 /OUTPUT 4 "dbg_state";
    .port_info 11 /OUTPUT 1 "dbg_zero";
    .port_info 12 /OUTPUT 1 "dbg_carry";
P_0x60757d722e60 .param/str "MEM_INIT_FILE" 0 4 2, "\000";
L_0x60757d73e4c0 .functor BUFZ 8, v0x60757d7685f0_0, C4<00000000>, C4<00000000>, C4<00000000>;
L_0x60757d733b70 .functor BUFZ 8, v0x60757d7682b0_0, C4<00000000>, C4<00000000>, C4<00000000>;
L_0x60757d705b50 .functor BUFZ 8, v0x60757d7683b0_0, C4<00000000>, C4<00000000>, C4<00000000>;
L_0x60757d76ca00 .functor BUFZ 8, v0x60757d7686d0_0, C4<00000000>, C4<00000000>, C4<00000000>;
L_0x60757d76cac0 .functor BUFZ 8, v0x60757d768490_0, C4<00000000>, C4<00000000>, C4<00000000>;
L_0x60757d76cbd0 .functor BUFZ 4, v0x60757d7672d0_0, C4<0000>, C4<0000>, C4<0000>;
L_0x60757d76ccd0 .functor BUFZ 1, v0x60757d769a80_0, C4<0>, C4<0>, C4<0>;
L_0x60757d76ce00 .functor BUFZ 1, v0x60757d7699b0_0, C4<0>, C4<0>, C4<0>;
v0x60757d7682b0_0 .var "A", 7 0;
v0x60757d7683b0_0 .var "B", 7 0;
v0x60757d768490_0 .var "IR", 7 0;
v0x60757d768530_0 .var "OPR", 7 0;
v0x60757d7685f0_0 .var "PC", 7 0;
v0x60757d7686d0_0 .var "SP", 7 0;
v0x60757d7687b0_0 .net "a_ld", 0 0, v0x60757d765ec0_0;  1 drivers
v0x60757d768850_0 .var "a_next", 7 0;
v0x60757d768910_0 .net "a_sel", 2 0, v0x60757d765f80_0;  1 drivers
v0x60757d768a00_0 .net "alu_a", 7 0, L_0x60757d76c330;  1 drivers
v0x60757d768ad0_0 .net "alu_a_sel", 0 0, v0x60757d766040_0;  1 drivers
v0x60757d768ba0_0 .net "alu_b", 7 0, L_0x60757d76c4c0;  1 drivers
v0x60757d768c70_0 .net "alu_b_sel", 0 0, v0x60757d766100_0;  1 drivers
v0x60757d768d40_0 .net "alu_carry", 0 0, v0x60757d762d90_0;  1 drivers
v0x60757d768e10_0 .net "alu_op", 3 0, v0x60757d766210_0;  1 drivers
v0x60757d768eb0_0 .net "alu_result", 7 0, v0x60757d762f80_0;  1 drivers
v0x60757d768f50_0 .net "alu_zero", 0 0, L_0x60757d76c620;  1 drivers
v0x60757d769130_0 .net "b_ld", 0 0, v0x60757d7662d0_0;  1 drivers
v0x60757d769200_0 .net "clk", 0 0, v0x60757d76ae50_0;  1 drivers
v0x60757d7692f0_0 .net "cu_state", 3 0, v0x60757d7672d0_0;  1 drivers
v0x60757d769390_0 .net "dbg_a", 7 0, L_0x60757d733b70;  alias, 1 drivers
v0x60757d769430_0 .net "dbg_b", 7 0, L_0x60757d705b50;  alias, 1 drivers
v0x60757d7694d0_0 .net "dbg_carry", 0 0, L_0x60757d76ce00;  alias, 1 drivers
v0x60757d769570_0 .net "dbg_ir", 7 0, L_0x60757d76cac0;  alias, 1 drivers
v0x60757d769650_0 .net "dbg_pc", 7 0, L_0x60757d73e4c0;  alias, 1 drivers
v0x60757d769730_0 .net "dbg_sp", 7 0, L_0x60757d76ca00;  alias, 1 drivers
v0x60757d769810_0 .net "dbg_state", 3 0, L_0x60757d76cbd0;  alias, 1 drivers
v0x60757d7698f0_0 .net "dbg_zero", 0 0, L_0x60757d76ccd0;  alias, 1 drivers
v0x60757d7699b0_0 .var "flagC", 0 0;
v0x60757d769a80_0 .var "flagZ", 0 0;
v0x60757d769b50_0 .net "flag_c_we", 0 0, v0x60757d7665b0_0;  1 drivers
v0x60757d769c20_0 .net "flag_z_we", 0 0, v0x60757d766670_0;  1 drivers
v0x60757d769cf0_0 .net "halted", 0 0, L_0x60757d76bd80;  alias, 1 drivers
v0x60757d769fd0_0 .net "in_port", 7 0, v0x60757d76b980_0;  1 drivers
v0x60757d76a070_0 .net "ir_ld", 0 0, v0x60757d7668d0_0;  1 drivers
v0x60757d76a140_0 .var "mem_addr", 7 0;
v0x60757d76a210_0 .net "mem_addr_sel", 1 0, v0x60757d766990_0;  1 drivers
v0x60757d76a2e0_0 .net "mem_rdata", 7 0, L_0x60757d741d90;  1 drivers
v0x60757d76a3b0_0 .net "mem_wdata", 7 0, L_0x60757d76bee0;  1 drivers
v0x60757d76a480_0 .net "mem_wdata_sel", 0 0, v0x60757d766a70_0;  1 drivers
v0x60757d76a550_0 .net "mem_we", 0 0, v0x60757d766b30_0;  1 drivers
v0x60757d76a640_0 .net "opr_ld", 0 0, v0x60757d766cd0_0;  1 drivers
v0x60757d76a6e0_0 .net "out_ld", 0 0, v0x60757d766d90_0;  1 drivers
v0x60757d76a7b0_0 .var "out_port", 7 0;
v0x60757d76a850_0 .net "pc_inc", 0 0, v0x60757d766e50_0;  1 drivers
v0x60757d76a920_0 .net "pc_ld", 0 0, v0x60757d766f10_0;  1 drivers
v0x60757d76a9f0_0 .net "pc_load_sel", 0 0, v0x60757d766fd0_0;  1 drivers
v0x60757d76aac0_0 .net "pc_next", 7 0, L_0x60757d76c760;  1 drivers
v0x60757d76ab60_0 .net "reset", 0 0, v0x60757d76bbf0_0;  1 drivers
v0x60757d76ac30_0 .net "sp_dec", 0 0, v0x60757d767150_0;  1 drivers
v0x60757d76ad00_0 .net "sp_inc", 0 0, v0x60757d767210_0;  1 drivers
E_0x60757d6d25f0/0 .event anyedge, v0x60757d765f80_0, v0x60757d762f80_0, v0x60757d767fd0_0, v0x60757d768530_0;
E_0x60757d6d25f0/1 .event anyedge, v0x60757d7683b0_0, v0x60757d769fd0_0;
E_0x60757d6d25f0 .event/or E_0x60757d6d25f0/0, E_0x60757d6d25f0/1;
E_0x60757d72f6a0 .event anyedge, v0x60757d766990_0, v0x60757d7685f0_0, v0x60757d768530_0, v0x60757d7686d0_0;
L_0x60757d76bee0 .functor MUXZ 8, v0x60757d7682b0_0, v0x60757d7685f0_0, v0x60757d766a70_0, C4<>;
L_0x60757d76c330 .functor MUXZ 8, v0x60757d7682b0_0, L_0x60757d741d90, v0x60757d766040_0, C4<>;
L_0x60757d76c4c0 .functor MUXZ 8, L_0x60757d741d90, v0x60757d768530_0, v0x60757d766100_0, C4<>;
L_0x60757d76c760 .functor MUXZ 8, v0x60757d768530_0, L_0x60757d741d90, v0x60757d766fd0_0, C4<>;
S_0x60757d73a470 .scope module, "u_alu" "alu8" 4 100, 5 6 0, S_0x60757d73a0f0;
 .timescale -9 -12;
    .port_info 0 /INPUT 8 "a";
    .port_info 1 /INPUT 8 "b";
    .port_info 2 /INPUT 4 "op";
    .port_info 3 /OUTPUT 8 "result";
    .port_info 4 /OUTPUT 1 "zero";
    .port_info 5 /OUTPUT 1 "carry";
P_0x60757d6dd0e0 .param/l "ALU_ADD" 1 5 16, C4<0000>;
P_0x60757d6dd120 .param/l "ALU_AND" 1 5 18, C4<0010>;
P_0x60757d6dd160 .param/l "ALU_DEC" 1 5 26, C4<1010>;
P_0x60757d6dd1a0 .param/l "ALU_INC" 1 5 25, C4<1001>;
P_0x60757d6dd1e0 .param/l "ALU_NOT" 1 5 21, C4<0101>;
P_0x60757d6dd220 .param/l "ALU_OR" 1 5 19, C4<0011>;
P_0x60757d6dd260 .param/l "ALU_PASS_A" 1 5 24, C4<1000>;
P_0x60757d6dd2a0 .param/l "ALU_SHL" 1 5 22, C4<0110>;
P_0x60757d6dd2e0 .param/l "ALU_SHR" 1 5 23, C4<0111>;
P_0x60757d6dd320 .param/l "ALU_SUB" 1 5 17, C4<0001>;
P_0x60757d6dd360 .param/l "ALU_XOR" 1 5 20, C4<0100>;
L_0x7982b67570a8 .functor BUFT 1, C4<00000000>, C4<0>, C4<0>, C4<0>;
v0x60757d742af0_0 .net/2u *"_ivl_0", 7 0, L_0x7982b67570a8;  1 drivers
v0x60757d73e5e0_0 .net "a", 7 0, L_0x60757d76c330;  alias, 1 drivers
v0x60757d733c90_0 .net "b", 7 0, L_0x60757d76c4c0;  alias, 1 drivers
v0x60757d762d90_0 .var "carry", 0 0;
v0x60757d762e50_0 .net "op", 3 0, v0x60757d766210_0;  alias, 1 drivers
v0x60757d762f80_0 .var "result", 7 0;
v0x60757d763060_0 .var "wide", 8 0;
v0x60757d763140_0 .net "zero", 0 0, L_0x60757d76c620;  alias, 1 drivers
E_0x60757d6d1140 .event anyedge, v0x60757d762e50_0, v0x60757d73e5e0_0, v0x60757d733c90_0, v0x60757d763060_0;
L_0x60757d76c620 .cmp/eq 8, v0x60757d762f80_0, L_0x7982b67570a8;
S_0x60757d7632c0 .scope module, "u_ctrl" "control_unit" 4 40, 6 3 0, S_0x60757d73a0f0;
 .timescale -9 -12;
    .port_info 0 /INPUT 1 "clk";
    .port_info 1 /INPUT 1 "reset";
    .port_info 2 /INPUT 8 "ir";
    .port_info 3 /INPUT 1 "flagZ";
    .port_info 4 /INPUT 1 "flagC";
    .port_info 5 /OUTPUT 4 "state";
    .port_info 6 /OUTPUT 2 "mem_addr_sel";
    .port_info 7 /OUTPUT 1 "mem_we";
    .port_info 8 /OUTPUT 1 "mem_wdata_sel";
    .port_info 9 /OUTPUT 1 "ir_ld";
    .port_info 10 /OUTPUT 1 "opr_ld";
    .port_info 11 /OUTPUT 1 "pc_inc";
    .port_info 12 /OUTPUT 1 "pc_ld";
    .port_info 13 /OUTPUT 1 "pc_load_sel";
    .port_info 14 /OUTPUT 1 "sp_inc";
    .port_info 15 /OUTPUT 1 "sp_dec";
    .port_info 16 /OUTPUT 1 "a_ld";
    .port_info 17 /OUTPUT 3 "a_sel";
    .port_info 18 /OUTPUT 1 "b_ld";
    .port_info 19 /OUTPUT 1 "out_ld";
    .port_info 20 /OUTPUT 1 "flag_z_we";
    .port_info 21 /OUTPUT 1 "flag_c_we";
    .port_info 22 /OUTPUT 4 "alu_op";
    .port_info 23 /OUTPUT 1 "alu_a_sel";
    .port_info 24 /OUTPUT 1 "alu_b_sel";
    .port_info 25 /OUTPUT 1 "halted";
P_0x60757d7634c0 .param/l "ALU_ADD" 1 6 75, C4<0000>;
P_0x60757d763500 .param/l "ALU_AND" 1 6 75, C4<0010>;
P_0x60757d763540 .param/l "ALU_DEC" 1 6 77, C4<1010>;
P_0x60757d763580 .param/l "ALU_INC" 1 6 77, C4<1001>;
P_0x60757d7635c0 .param/l "ALU_NOT" 1 6 76, C4<0101>;
P_0x60757d763600 .param/l "ALU_OR" 1 6 75, C4<0011>;
P_0x60757d763640 .param/l "ALU_PASS_A" 1 6 77, C4<1000>;
P_0x60757d763680 .param/l "ALU_SHL" 1 6 76, C4<0110>;
P_0x60757d7636c0 .param/l "ALU_SHR" 1 6 76, C4<0111>;
P_0x60757d763700 .param/l "ALU_SUB" 1 6 75, C4<0001>;
P_0x60757d763740 .param/l "ALU_XOR" 1 6 76, C4<0100>;
P_0x60757d763780 .param/l "OP_ADD" 1 6 48, C4<00000100>;
P_0x60757d7637c0 .param/l "OP_ADI" 1 6 49, C4<00000101>;
P_0x60757d763800 .param/l "OP_ANDA" 1 6 52, C4<00001000>;
P_0x60757d763840 .param/l "OP_CALL" 1 6 59, C4<00001111>;
P_0x60757d763880 .param/l "OP_CMA" 1 6 67, C4<00010111>;
P_0x60757d7638c0 .param/l "OP_DEC" 1 6 66, C4<00010110>;
P_0x60757d763900 .param/l "OP_HLT" 1 6 72, C4<11111111>;
P_0x60757d763940 .param/l "OP_IN" 1 6 62, C4<00010010>;
P_0x60757d763980 .param/l "OP_INC" 1 6 65, C4<00010101>;
P_0x60757d7639c0 .param/l "OP_JC" 1 6 58, C4<00001110>;
P_0x60757d763a00 .param/l "OP_JMP" 1 6 55, C4<00001011>;
P_0x60757d763a40 .param/l "OP_JNZ" 1 6 57, C4<00001101>;
P_0x60757d763a80 .param/l "OP_JZ" 1 6 56, C4<00001100>;
P_0x60757d763ac0 .param/l "OP_LDA" 1 6 45, C4<00000001>;
P_0x60757d763b00 .param/l "OP_LDI" 1 6 47, C4<00000011>;
P_0x60757d763b40 .param/l "OP_MOVAB" 1 6 63, C4<00010011>;
P_0x60757d763b80 .param/l "OP_MOVBA" 1 6 64, C4<00010100>;
P_0x60757d763bc0 .param/l "OP_NOP" 1 6 44, C4<00000000>;
P_0x60757d763c00 .param/l "OP_ORA" 1 6 53, C4<00001001>;
P_0x60757d763c40 .param/l "OP_OUT" 1 6 61, C4<00010001>;
P_0x60757d763c80 .param/l "OP_POP" 1 6 71, C4<00011011>;
P_0x60757d763cc0 .param/l "OP_PUSH" 1 6 70, C4<00011010>;
P_0x60757d763d00 .param/l "OP_RET" 1 6 60, C4<00010000>;
P_0x60757d763d40 .param/l "OP_SBI" 1 6 51, C4<00000111>;
P_0x60757d763d80 .param/l "OP_SHL" 1 6 68, C4<00011000>;
P_0x60757d763dc0 .param/l "OP_SHR" 1 6 69, C4<00011001>;
P_0x60757d763e00 .param/l "OP_STA" 1 6 46, C4<00000010>;
P_0x60757d763e40 .param/l "OP_SUB" 1 6 50, C4<00000110>;
P_0x60757d763e80 .param/l "OP_XORA" 1 6 54, C4<00001010>;
P_0x60757d763ec0 .param/l "S_CALLJUMP" 1 6 88, C4<1000>;
P_0x60757d763f00 .param/l "S_DECODE" 1 6 81, C4<0001>;
P_0x60757d763f40 .param/l "S_EXEC1" 1 6 83, C4<0011>;
P_0x60757d763f80 .param/l "S_FETCH" 1 6 80, C4<0000>;
P_0x60757d763fc0 .param/l "S_HALT" 1 6 89, C4<1001>;
P_0x60757d764000 .param/l "S_MEMOP" 1 6 84, C4<0100>;
P_0x60757d764040 .param/l "S_MEMWR" 1 6 85, C4<0101>;
P_0x60757d764080 .param/l "S_OPERAND" 1 6 82, C4<0010>;
P_0x60757d7640c0 .param/l "S_PUSHWR" 1 6 86, C4<0110>;
P_0x60757d764100 .param/l "S_STACKRD" 1 6 87, C4<0111>;
L_0x7982b6757018 .functor BUFT 1, C4<1001>, C4<0>, C4<0>, C4<0>;
v0x60757d765dc0_0 .net/2u *"_ivl_0", 3 0, L_0x7982b6757018;  1 drivers
v0x60757d765ec0_0 .var "a_ld", 0 0;
v0x60757d765f80_0 .var "a_sel", 2 0;
v0x60757d766040_0 .var "alu_a_sel", 0 0;
v0x60757d766100_0 .var "alu_b_sel", 0 0;
v0x60757d766210_0 .var "alu_op", 3 0;
v0x60757d7662d0_0 .var "b_ld", 0 0;
v0x60757d766370_0 .net "clk", 0 0, v0x60757d76ae50_0;  alias, 1 drivers
v0x60757d766430_0 .net "flagC", 0 0, v0x60757d7699b0_0;  1 drivers
v0x60757d7664f0_0 .net "flagZ", 0 0, v0x60757d769a80_0;  1 drivers
v0x60757d7665b0_0 .var "flag_c_we", 0 0;
v0x60757d766670_0 .var "flag_z_we", 0 0;
v0x60757d766730_0 .net "halted", 0 0, L_0x60757d76bd80;  alias, 1 drivers
v0x60757d7667f0_0 .net "ir", 7 0, v0x60757d768490_0;  1 drivers
v0x60757d7668d0_0 .var "ir_ld", 0 0;
v0x60757d766990_0 .var "mem_addr_sel", 1 0;
v0x60757d766a70_0 .var "mem_wdata_sel", 0 0;
v0x60757d766b30_0 .var "mem_we", 0 0;
v0x60757d766bf0_0 .var "next_state", 3 0;
v0x60757d766cd0_0 .var "opr_ld", 0 0;
v0x60757d766d90_0 .var "out_ld", 0 0;
v0x60757d766e50_0 .var "pc_inc", 0 0;
v0x60757d766f10_0 .var "pc_ld", 0 0;
v0x60757d766fd0_0 .var "pc_load_sel", 0 0;
v0x60757d767090_0 .net "reset", 0 0, v0x60757d76bbf0_0;  alias, 1 drivers
v0x60757d767150_0 .var "sp_dec", 0 0;
v0x60757d767210_0 .var "sp_inc", 0 0;
v0x60757d7672d0_0 .var "state", 3 0;
E_0x60757d738a00 .event posedge, v0x60757d766370_0;
E_0x60757d6bb740 .event anyedge, v0x60757d7672d0_0, v0x60757d7667f0_0, v0x60757d7664f0_0, v0x60757d766430_0;
L_0x60757d76bd80 .cmp/eq 4, v0x60757d7672d0_0, L_0x7982b6757018;
S_0x60757d765a00 .scope function.vec4.s1, "is_two_byte" "is_two_byte" 6 93, 6 93 0, S_0x60757d7632c0;
 .timescale -9 -12;
; Variable is_two_byte is vec4 return value of scope S_0x60757d765a00
v0x60757d765ce0_0 .var "opc", 7 0;
TD_tb_cpu8.dut.u_ctrl.is_two_byte ;
    %load/vec4 v0x60757d765ce0_0;
    %dup/vec4;
    %pushi/vec4 1, 0, 8;
    %cmp/u;
    %jmp/1 T_0.0, 6;
    %dup/vec4;
    %pushi/vec4 2, 0, 8;
    %cmp/u;
    %jmp/1 T_0.1, 6;
    %dup/vec4;
    %pushi/vec4 3, 0, 8;
    %cmp/u;
    %jmp/1 T_0.2, 6;
    %dup/vec4;
    %pushi/vec4 4, 0, 8;
    %cmp/u;
    %jmp/1 T_0.3, 6;
    %dup/vec4;
    %pushi/vec4 5, 0, 8;
    %cmp/u;
    %jmp/1 T_0.4, 6;
    %dup/vec4;
    %pushi/vec4 6, 0, 8;
    %cmp/u;
    %jmp/1 T_0.5, 6;
    %dup/vec4;
    %pushi/vec4 7, 0, 8;
    %cmp/u;
    %jmp/1 T_0.6, 6;
    %dup/vec4;
    %pushi/vec4 8, 0, 8;
    %cmp/u;
    %jmp/1 T_0.7, 6;
    %dup/vec4;
    %pushi/vec4 9, 0, 8;
    %cmp/u;
    %jmp/1 T_0.8, 6;
    %dup/vec4;
    %pushi/vec4 10, 0, 8;
    %cmp/u;
    %jmp/1 T_0.9, 6;
    %dup/vec4;
    %pushi/vec4 11, 0, 8;
    %cmp/u;
    %jmp/1 T_0.10, 6;
    %dup/vec4;
    %pushi/vec4 12, 0, 8;
    %cmp/u;
    %jmp/1 T_0.11, 6;
    %dup/vec4;
    %pushi/vec4 13, 0, 8;
    %cmp/u;
    %jmp/1 T_0.12, 6;
    %dup/vec4;
    %pushi/vec4 14, 0, 8;
    %cmp/u;
    %jmp/1 T_0.13, 6;
    %dup/vec4;
    %pushi/vec4 15, 0, 8;
    %cmp/u;
    %jmp/1 T_0.14, 6;
    %pushi/vec4 0, 0, 1;
    %ret/vec4 0, 0, 1;  Assign to is_two_byte (store_vec4_to_lval)
    %jmp T_0.16;
T_0.0 ;
    %pushi/vec4 1, 0, 1;
    %ret/vec4 0, 0, 1;  Assign to is_two_byte (store_vec4_to_lval)
    %jmp T_0.16;
T_0.1 ;
    %pushi/vec4 1, 0, 1;
    %ret/vec4 0, 0, 1;  Assign to is_two_byte (store_vec4_to_lval)
    %jmp T_0.16;
T_0.2 ;
    %pushi/vec4 1, 0, 1;
    %ret/vec4 0, 0, 1;  Assign to is_two_byte (store_vec4_to_lval)
    %jmp T_0.16;
T_0.3 ;
    %pushi/vec4 1, 0, 1;
    %ret/vec4 0, 0, 1;  Assign to is_two_byte (store_vec4_to_lval)
    %jmp T_0.16;
T_0.4 ;
    %pushi/vec4 1, 0, 1;
    %ret/vec4 0, 0, 1;  Assign to is_two_byte (store_vec4_to_lval)
    %jmp T_0.16;
T_0.5 ;
    %pushi/vec4 1, 0, 1;
    %ret/vec4 0, 0, 1;  Assign to is_two_byte (store_vec4_to_lval)
    %jmp T_0.16;
T_0.6 ;
    %pushi/vec4 1, 0, 1;
    %ret/vec4 0, 0, 1;  Assign to is_two_byte (store_vec4_to_lval)
    %jmp T_0.16;
T_0.7 ;
    %pushi/vec4 1, 0, 1;
    %ret/vec4 0, 0, 1;  Assign to is_two_byte (store_vec4_to_lval)
    %jmp T_0.16;
T_0.8 ;
    %pushi/vec4 1, 0, 1;
    %ret/vec4 0, 0, 1;  Assign to is_two_byte (store_vec4_to_lval)
    %jmp T_0.16;
T_0.9 ;
    %pushi/vec4 1, 0, 1;
    %ret/vec4 0, 0, 1;  Assign to is_two_byte (store_vec4_to_lval)
    %jmp T_0.16;
T_0.10 ;
    %pushi/vec4 1, 0, 1;
    %ret/vec4 0, 0, 1;  Assign to is_two_byte (store_vec4_to_lval)
    %jmp T_0.16;
T_0.11 ;
    %pushi/vec4 1, 0, 1;
    %ret/vec4 0, 0, 1;  Assign to is_two_byte (store_vec4_to_lval)
    %jmp T_0.16;
T_0.12 ;
    %pushi/vec4 1, 0, 1;
    %ret/vec4 0, 0, 1;  Assign to is_two_byte (store_vec4_to_lval)
    %jmp T_0.16;
T_0.13 ;
    %pushi/vec4 1, 0, 1;
    %ret/vec4 0, 0, 1;  Assign to is_two_byte (store_vec4_to_lval)
    %jmp T_0.16;
T_0.14 ;
    %pushi/vec4 1, 0, 1;
    %ret/vec4 0, 0, 1;  Assign to is_two_byte (store_vec4_to_lval)
    %jmp T_0.16;
T_0.16 ;
    %pop/vec4 1;
    %end;
S_0x60757d7676f0 .scope module, "u_mem" "memory8" 4 86, 7 10 0, S_0x60757d73a0f0;
 .timescale -9 -12;
    .port_info 0 /INPUT 1 "clk";
    .port_info 1 /INPUT 8 "addr";
    .port_info 2 /INPUT 8 "wdata";
    .port_info 3 /INPUT 1 "we";
    .port_info 4 /OUTPUT 8 "rdata";
P_0x60757d767880 .param/str "MEM_INIT_FILE" 0 7 11, "\000";
L_0x60757d741d90 .functor BUFZ 8, L_0x60757d76c060, C4<00000000>, C4<00000000>, C4<00000000>;
v0x60757d767920_0 .net *"_ivl_0", 7 0, L_0x60757d76c060;  1 drivers
v0x60757d767a20_0 .net *"_ivl_2", 9 0, L_0x60757d76c100;  1 drivers
L_0x7982b6757060 .functor BUFT 1, C4<00>, C4<0>, C4<0>, C4<0>;
v0x60757d767b00_0 .net *"_ivl_5", 1 0, L_0x7982b6757060;  1 drivers
v0x60757d767bc0_0 .net "addr", 7 0, v0x60757d76a140_0;  1 drivers
v0x60757d767ca0_0 .net "clk", 0 0, v0x60757d76ae50_0;  alias, 1 drivers
v0x60757d767d90_0 .var/str "hexfile_plusarg";
v0x60757d767e30_0 .var/i "i", 31 0;
v0x60757d767f10 .array "mem", 255 0, 7 0;
v0x60757d767fd0_0 .net "rdata", 7 0, L_0x60757d741d90;  alias, 1 drivers
v0x60757d7680b0_0 .net "wdata", 7 0, L_0x60757d76bee0;  alias, 1 drivers
v0x60757d768190_0 .net "we", 0 0, v0x60757d766b30_0;  alias, 1 drivers
L_0x60757d76c060 .array/port v0x60757d767f10, L_0x60757d76c100;
L_0x60757d76c100 .concat [ 8 2 0 0], v0x60757d76a140_0, L_0x7982b6757060;
    .scope S_0x60757d7632c0;
T_1 ;
    %wait E_0x60757d6bb740;
    %load/vec4 v0x60757d7672d0_0;
    %store/vec4 v0x60757d766bf0_0, 0, 4;
    %pushi/vec4 0, 0, 2;
    %store/vec4 v0x60757d766990_0, 0, 2;
    %pushi/vec4 0, 0, 1;
    %store/vec4 v0x60757d766b30_0, 0, 1;
    %pushi/vec4 0, 0, 1;
    %store/vec4 v0x60757d766a70_0, 0, 1;
    %pushi/vec4 0, 0, 1;
    %store/vec4 v0x60757d7668d0_0, 0, 1;
    %pushi/vec4 0, 0, 1;
    %store/vec4 v0x60757d766cd0_0, 0, 1;
    %pushi/vec4 0, 0, 1;
    %store/vec4 v0x60757d766e50_0, 0, 1;
    %pushi/vec4 0, 0, 1;
    %store/vec4 v0x60757d766f10_0, 0, 1;
    %pushi/vec4 0, 0, 1;
    %store/vec4 v0x60757d766fd0_0, 0, 1;
    %pushi/vec4 0, 0, 1;
    %store/vec4 v0x60757d767210_0, 0, 1;
    %pushi/vec4 0, 0, 1;
    %store/vec4 v0x60757d767150_0, 0, 1;
    %pushi/vec4 0, 0, 1;
    %store/vec4 v0x60757d765ec0_0, 0, 1;
    %pushi/vec4 0, 0, 3;
    %store/vec4 v0x60757d765f80_0, 0, 3;
    %pushi/vec4 0, 0, 1;
    %store/vec4 v0x60757d7662d0_0, 0, 1;
    %pushi/vec4 0, 0, 1;
    %store/vec4 v0x60757d766d90_0, 0, 1;
    %pushi/vec4 0, 0, 1;
    %store/vec4 v0x60757d766670_0, 0, 1;
    %pushi/vec4 0, 0, 1;
    %store/vec4 v0x60757d7665b0_0, 0, 1;
    %pushi/vec4 8, 0, 4;
    %store/vec4 v0x60757d766210_0, 0, 4;
    %pushi/vec4 0, 0, 1;
    %store/vec4 v0x60757d766040_0, 0, 1;
    %pushi/vec4 0, 0, 1;
    %store/vec4 v0x60757d766100_0, 0, 1;
    %load/vec4 v0x60757d7672d0_0;
    %dup/vec4;
    %pushi/vec4 0, 0, 4;
    %cmp/u;
    %jmp/1 T_1.0, 6;
    %dup/vec4;
    %pushi/vec4 1, 0, 4;
    %cmp/u;
    %jmp/1 T_1.1, 6;
    %dup/vec4;
    %pushi/vec4 2, 0, 4;
    %cmp/u;
    %jmp/1 T_1.2, 6;
    %dup/vec4;
    %pushi/vec4 4, 0, 4;
    %cmp/u;
    %jmp/1 T_1.3, 6;
    %dup/vec4;
    %pushi/vec4 5, 0, 4;
    %cmp/u;
    %jmp/1 T_1.4, 6;
    %dup/vec4;
    %pushi/vec4 6, 0, 4;
    %cmp/u;
    %jmp/1 T_1.5, 6;
    %dup/vec4;
    %pushi/vec4 7, 0, 4;
    %cmp/u;
    %jmp/1 T_1.6, 6;
    %dup/vec4;
    %pushi/vec4 8, 0, 4;
    %cmp/u;
    %jmp/1 T_1.7, 6;
    %dup/vec4;
    %pushi/vec4 3, 0, 4;
    %cmp/u;
    %jmp/1 T_1.8, 6;
    %dup/vec4;
    %pushi/vec4 9, 0, 4;
    %cmp/u;
    %jmp/1 T_1.9, 6;
    %pushi/vec4 0, 0, 4;
    %store/vec4 v0x60757d766bf0_0, 0, 4;
    %jmp T_1.11;
T_1.0 ;
    %pushi/vec4 0, 0, 2;
    %store/vec4 v0x60757d766990_0, 0, 2;
    %pushi/vec4 1, 0, 1;
    %store/vec4 v0x60757d7668d0_0, 0, 1;
    %pushi/vec4 1, 0, 1;
    %store/vec4 v0x60757d766e50_0, 0, 1;
    %pushi/vec4 1, 0, 4;
    %store/vec4 v0x60757d766bf0_0, 0, 4;
    %jmp T_1.11;
T_1.1 ;
    %load/vec4 v0x60757d7667f0_0;
    %cmpi/e 255, 0, 8;
    %jmp/0xz  T_1.12, 4;
    %pushi/vec4 9, 0, 4;
    %store/vec4 v0x60757d766bf0_0, 0, 4;
    %jmp T_1.13;
T_1.12 ;
    %load/vec4 v0x60757d7667f0_0;
    %cmpi/e 16, 0, 8;
    %jmp/1 T_1.16, 4;
    %flag_mov 8, 4;
    %load/vec4 v0x60757d7667f0_0;
    %cmpi/e 27, 0, 8;
    %flag_or 4, 8;
T_1.16;
    %jmp/0xz  T_1.14, 4;
    %pushi/vec4 7, 0, 4;
    %store/vec4 v0x60757d766bf0_0, 0, 4;
    %jmp T_1.15;
T_1.14 ;
    %load/vec4 v0x60757d7667f0_0;
    %cmpi/e 26, 0, 8;
    %jmp/0xz  T_1.17, 4;
    %pushi/vec4 6, 0, 4;
    %store/vec4 v0x60757d766bf0_0, 0, 4;
    %jmp T_1.18;
T_1.17 ;
    %load/vec4 v0x60757d7667f0_0;
    %store/vec4 v0x60757d765ce0_0, 0, 8;
    %callf/vec4 TD_tb_cpu8.dut.u_ctrl.is_two_byte, S_0x60757d765a00;
    %flag_set/vec4 8;
    %jmp/0xz  T_1.19, 8;
    %pushi/vec4 2, 0, 4;
    %store/vec4 v0x60757d766bf0_0, 0, 4;
    %jmp T_1.20;
T_1.19 ;
    %pushi/vec4 3, 0, 4;
    %store/vec4 v0x60757d766bf0_0, 0, 4;
T_1.20 ;
T_1.18 ;
T_1.15 ;
T_1.13 ;
    %jmp T_1.11;
T_1.2 ;
    %pushi/vec4 0, 0, 2;
    %store/vec4 v0x60757d766990_0, 0, 2;
    %pushi/vec4 1, 0, 1;
    %store/vec4 v0x60757d766cd0_0, 0, 1;
    %pushi/vec4 1, 0, 1;
    %store/vec4 v0x60757d766e50_0, 0, 1;
    %load/vec4 v0x60757d7667f0_0;
    %dup/vec4;
    %pushi/vec4 1, 0, 8;
    %cmp/u;
    %jmp/1 T_1.21, 6;
    %dup/vec4;
    %pushi/vec4 4, 0, 8;
    %cmp/u;
    %jmp/1 T_1.22, 6;
    %dup/vec4;
    %pushi/vec4 6, 0, 8;
    %cmp/u;
    %jmp/1 T_1.23, 6;
    %dup/vec4;
    %pushi/vec4 8, 0, 8;
    %cmp/u;
    %jmp/1 T_1.24, 6;
    %dup/vec4;
    %pushi/vec4 9, 0, 8;
    %cmp/u;
    %jmp/1 T_1.25, 6;
    %dup/vec4;
    %pushi/vec4 10, 0, 8;
    %cmp/u;
    %jmp/1 T_1.26, 6;
    %dup/vec4;
    %pushi/vec4 2, 0, 8;
    %cmp/u;
    %jmp/1 T_1.27, 6;
    %dup/vec4;
    %pushi/vec4 15, 0, 8;
    %cmp/u;
    %jmp/1 T_1.28, 6;
    %pushi/vec4 3, 0, 4;
    %store/vec4 v0x60757d766bf0_0, 0, 4;
    %jmp T_1.30;
T_1.21 ;
    %pushi/vec4 4, 0, 4;
    %store/vec4 v0x60757d766bf0_0, 0, 4;
    %jmp T_1.30;
T_1.22 ;
    %pushi/vec4 4, 0, 4;
    %store/vec4 v0x60757d766bf0_0, 0, 4;
    %jmp T_1.30;
T_1.23 ;
    %pushi/vec4 4, 0, 4;
    %store/vec4 v0x60757d766bf0_0, 0, 4;
    %jmp T_1.30;
T_1.24 ;
    %pushi/vec4 4, 0, 4;
    %store/vec4 v0x60757d766bf0_0, 0, 4;
    %jmp T_1.30;
T_1.25 ;
    %pushi/vec4 4, 0, 4;
    %store/vec4 v0x60757d766bf0_0, 0, 4;
    %jmp T_1.30;
T_1.26 ;
    %pushi/vec4 4, 0, 4;
    %store/vec4 v0x60757d766bf0_0, 0, 4;
    %jmp T_1.30;
T_1.27 ;
    %pushi/vec4 5, 0, 4;
    %store/vec4 v0x60757d766bf0_0, 0, 4;
    %jmp T_1.30;
T_1.28 ;
    %pushi/vec4 6, 0, 4;
    %store/vec4 v0x60757d766bf0_0, 0, 4;
    %jmp T_1.30;
T_1.30 ;
    %pop/vec4 1;
    %jmp T_1.11;
T_1.3 ;
    %pushi/vec4 1, 0, 2;
    %store/vec4 v0x60757d766990_0, 0, 2;
    %pushi/vec4 1, 0, 1;
    %store/vec4 v0x60757d765ec0_0, 0, 1;
    %pushi/vec4 0, 0, 3;
    %store/vec4 v0x60757d765f80_0, 0, 3;
    %pushi/vec4 1, 0, 1;
    %store/vec4 v0x60757d766670_0, 0, 1;
    %load/vec4 v0x60757d7667f0_0;
    %dup/vec4;
    %pushi/vec4 1, 0, 8;
    %cmp/u;
    %jmp/1 T_1.31, 6;
    %dup/vec4;
    %pushi/vec4 4, 0, 8;
    %cmp/u;
    %jmp/1 T_1.32, 6;
    %dup/vec4;
    %pushi/vec4 6, 0, 8;
    %cmp/u;
    %jmp/1 T_1.33, 6;
    %dup/vec4;
    %pushi/vec4 8, 0, 8;
    %cmp/u;
    %jmp/1 T_1.34, 6;
    %dup/vec4;
    %pushi/vec4 9, 0, 8;
    %cmp/u;
    %jmp/1 T_1.35, 6;
    %dup/vec4;
    %pushi/vec4 10, 0, 8;
    %cmp/u;
    %jmp/1 T_1.36, 6;
    %jmp T_1.38;
T_1.31 ;
    %pushi/vec4 1, 0, 1;
    %store/vec4 v0x60757d766040_0, 0, 1;
    %pushi/vec4 8, 0, 4;
    %store/vec4 v0x60757d766210_0, 0, 4;
    %jmp T_1.38;
T_1.32 ;
    %pushi/vec4 0, 0, 1;
    %store/vec4 v0x60757d766040_0, 0, 1;
    %pushi/vec4 0, 0, 1;
    %store/vec4 v0x60757d766100_0, 0, 1;
    %pushi/vec4 0, 0, 4;
    %store/vec4 v0x60757d766210_0, 0, 4;
    %pushi/vec4 1, 0, 1;
    %store/vec4 v0x60757d7665b0_0, 0, 1;
    %jmp T_1.38;
T_1.33 ;
    %pushi/vec4 0, 0, 1;
    %store/vec4 v0x60757d766040_0, 0, 1;
    %pushi/vec4 0, 0, 1;
    %store/vec4 v0x60757d766100_0, 0, 1;
    %pushi/vec4 1, 0, 4;
    %store/vec4 v0x60757d766210_0, 0, 4;
    %pushi/vec4 1, 0, 1;
    %store/vec4 v0x60757d7665b0_0, 0, 1;
    %jmp T_1.38;
T_1.34 ;
    %pushi/vec4 0, 0, 1;
    %store/vec4 v0x60757d766040_0, 0, 1;
    %pushi/vec4 0, 0, 1;
    %store/vec4 v0x60757d766100_0, 0, 1;
    %pushi/vec4 2, 0, 4;
    %store/vec4 v0x60757d766210_0, 0, 4;
    %jmp T_1.38;
T_1.35 ;
    %pushi/vec4 0, 0, 1;
    %store/vec4 v0x60757d766040_0, 0, 1;
    %pushi/vec4 0, 0, 1;
    %store/vec4 v0x60757d766100_0, 0, 1;
    %pushi/vec4 3, 0, 4;
    %store/vec4 v0x60757d766210_0, 0, 4;
    %jmp T_1.38;
T_1.36 ;
    %pushi/vec4 0, 0, 1;
    %store/vec4 v0x60757d766040_0, 0, 1;
    %pushi/vec4 0, 0, 1;
    %store/vec4 v0x60757d766100_0, 0, 1;
    %pushi/vec4 4, 0, 4;
    %store/vec4 v0x60757d766210_0, 0, 4;
    %jmp T_1.38;
T_1.38 ;
    %pop/vec4 1;
    %pushi/vec4 0, 0, 4;
    %store/vec4 v0x60757d766bf0_0, 0, 4;
    %jmp T_1.11;
T_1.4 ;
    %pushi/vec4 1, 0, 2;
    %store/vec4 v0x60757d766990_0, 0, 2;
    %pushi/vec4 1, 0, 1;
    %store/vec4 v0x60757d766b30_0, 0, 1;
    %pushi/vec4 0, 0, 1;
    %store/vec4 v0x60757d766a70_0, 0, 1;
    %pushi/vec4 0, 0, 4;
    %store/vec4 v0x60757d766bf0_0, 0, 4;
    %jmp T_1.11;
T_1.5 ;
    %pushi/vec4 2, 0, 2;
    %store/vec4 v0x60757d766990_0, 0, 2;
    %pushi/vec4 1, 0, 1;
    %store/vec4 v0x60757d766b30_0, 0, 1;
    %load/vec4 v0x60757d7667f0_0;
    %cmpi/e 15, 0, 8;
    %flag_mov 8, 4;
    %jmp/0 T_1.39, 8;
    %pushi/vec4 1, 0, 1;
    %jmp/1 T_1.40, 8;
T_1.39 ; End of true expr.
    %pushi/vec4 0, 0, 1;
    %jmp/0 T_1.40, 8;
 ; End of false expr.
    %blend;
T_1.40;
    %store/vec4 v0x60757d766a70_0, 0, 1;
    %pushi/vec4 1, 0, 1;
    %store/vec4 v0x60757d767150_0, 0, 1;
    %load/vec4 v0x60757d7667f0_0;
    %cmpi/e 15, 0, 8;
    %flag_mov 8, 4;
    %jmp/0 T_1.41, 8;
    %pushi/vec4 8, 0, 4;
    %jmp/1 T_1.42, 8;
T_1.41 ; End of true expr.
    %pushi/vec4 0, 0, 4;
    %jmp/0 T_1.42, 8;
 ; End of false expr.
    %blend;
T_1.42;
    %store/vec4 v0x60757d766bf0_0, 0, 4;
    %jmp T_1.11;
T_1.6 ;
    %pushi/vec4 3, 0, 2;
    %store/vec4 v0x60757d766990_0, 0, 2;
    %pushi/vec4 1, 0, 1;
    %store/vec4 v0x60757d767210_0, 0, 1;
    %load/vec4 v0x60757d7667f0_0;
    %cmpi/e 27, 0, 8;
    %jmp/0xz  T_1.43, 4;
    %pushi/vec4 1, 0, 1;
    %store/vec4 v0x60757d765ec0_0, 0, 1;
    %pushi/vec4 1, 0, 3;
    %store/vec4 v0x60757d765f80_0, 0, 3;
    %jmp T_1.44;
T_1.43 ;
    %load/vec4 v0x60757d7667f0_0;
    %cmpi/e 16, 0, 8;
    %jmp/0xz  T_1.45, 4;
    %pushi/vec4 1, 0, 1;
    %store/vec4 v0x60757d766f10_0, 0, 1;
    %pushi/vec4 1, 0, 1;
    %store/vec4 v0x60757d766fd0_0, 0, 1;
T_1.45 ;
T_1.44 ;
    %pushi/vec4 0, 0, 4;
    %store/vec4 v0x60757d766bf0_0, 0, 4;
    %jmp T_1.11;
T_1.7 ;
    %pushi/vec4 1, 0, 1;
    %store/vec4 v0x60757d766f10_0, 0, 1;
    %pushi/vec4 0, 0, 1;
    %store/vec4 v0x60757d766fd0_0, 0, 1;
    %pushi/vec4 0, 0, 4;
    %store/vec4 v0x60757d766bf0_0, 0, 4;
    %jmp T_1.11;
T_1.8 ;
    %load/vec4 v0x60757d7667f0_0;
    %dup/vec4;
    %pushi/vec4 0, 0, 8;
    %cmp/u;
    %jmp/1 T_1.47, 6;
    %dup/vec4;
    %pushi/vec4 3, 0, 8;
    %cmp/u;
    %jmp/1 T_1.48, 6;
    %dup/vec4;
    %pushi/vec4 5, 0, 8;
    %cmp/u;
    %jmp/1 T_1.49, 6;
    %dup/vec4;
    %pushi/vec4 7, 0, 8;
    %cmp/u;
    %jmp/1 T_1.50, 6;
    %dup/vec4;
    %pushi/vec4 11, 0, 8;
    %cmp/u;
    %jmp/1 T_1.51, 6;
    %dup/vec4;
    %pushi/vec4 12, 0, 8;
    %cmp/u;
    %jmp/1 T_1.52, 6;
    %dup/vec4;
    %pushi/vec4 13, 0, 8;
    %cmp/u;
    %jmp/1 T_1.53, 6;
    %dup/vec4;
    %pushi/vec4 14, 0, 8;
    %cmp/u;
    %jmp/1 T_1.54, 6;
    %dup/vec4;
    %pushi/vec4 17, 0, 8;
    %cmp/u;
    %jmp/1 T_1.55, 6;
    %dup/vec4;
    %pushi/vec4 18, 0, 8;
    %cmp/u;
    %jmp/1 T_1.56, 6;
    %dup/vec4;
    %pushi/vec4 19, 0, 8;
    %cmp/u;
    %jmp/1 T_1.57, 6;
    %dup/vec4;
    %pushi/vec4 20, 0, 8;
    %cmp/u;
    %jmp/1 T_1.58, 6;
    %dup/vec4;
    %pushi/vec4 21, 0, 8;
    %cmp/u;
    %jmp/1 T_1.59, 6;
    %dup/vec4;
    %pushi/vec4 22, 0, 8;
    %cmp/u;
    %jmp/1 T_1.60, 6;
    %dup/vec4;
    %pushi/vec4 23, 0, 8;
    %cmp/u;
    %jmp/1 T_1.61, 6;
    %dup/vec4;
    %pushi/vec4 24, 0, 8;
    %cmp/u;
    %jmp/1 T_1.62, 6;
    %dup/vec4;
    %pushi/vec4 25, 0, 8;
    %cmp/u;
    %jmp/1 T_1.63, 6;
    %jmp T_1.65;
T_1.47 ;
    %jmp T_1.65;
T_1.48 ;
    %pushi/vec4 1, 0, 1;
    %store/vec4 v0x60757d765ec0_0, 0, 1;
    %pushi/vec4 2, 0, 3;
    %store/vec4 v0x60757d765f80_0, 0, 3;
    %jmp T_1.65;
T_1.49 ;
    %pushi/vec4 0, 0, 1;
    %store/vec4 v0x60757d766040_0, 0, 1;
    %pushi/vec4 1, 0, 1;
    %store/vec4 v0x60757d766100_0, 0, 1;
    %pushi/vec4 0, 0, 4;
    %store/vec4 v0x60757d766210_0, 0, 4;
    %pushi/vec4 1, 0, 1;
    %store/vec4 v0x60757d765ec0_0, 0, 1;
    %pushi/vec4 0, 0, 3;
    %store/vec4 v0x60757d765f80_0, 0, 3;
    %pushi/vec4 1, 0, 1;
    %store/vec4 v0x60757d766670_0, 0, 1;
    %pushi/vec4 1, 0, 1;
    %store/vec4 v0x60757d7665b0_0, 0, 1;
    %jmp T_1.65;
T_1.50 ;
    %pushi/vec4 0, 0, 1;
    %store/vec4 v0x60757d766040_0, 0, 1;
    %pushi/vec4 1, 0, 1;
    %store/vec4 v0x60757d766100_0, 0, 1;
    %pushi/vec4 1, 0, 4;
    %store/vec4 v0x60757d766210_0, 0, 4;
    %pushi/vec4 1, 0, 1;
    %store/vec4 v0x60757d765ec0_0, 0, 1;
    %pushi/vec4 0, 0, 3;
    %store/vec4 v0x60757d765f80_0, 0, 3;
    %pushi/vec4 1, 0, 1;
    %store/vec4 v0x60757d766670_0, 0, 1;
    %pushi/vec4 1, 0, 1;
    %store/vec4 v0x60757d7665b0_0, 0, 1;
    %jmp T_1.65;
T_1.51 ;
    %pushi/vec4 1, 0, 1;
    %store/vec4 v0x60757d766f10_0, 0, 1;
    %pushi/vec4 0, 0, 1;
    %store/vec4 v0x60757d766fd0_0, 0, 1;
    %jmp T_1.65;
T_1.52 ;
    %load/vec4 v0x60757d7664f0_0;
    %store/vec4 v0x60757d766f10_0, 0, 1;
    %pushi/vec4 0, 0, 1;
    %store/vec4 v0x60757d766fd0_0, 0, 1;
    %jmp T_1.65;
T_1.53 ;
    %load/vec4 v0x60757d7664f0_0;
    %nor/r;
    %store/vec4 v0x60757d766f10_0, 0, 1;
    %pushi/vec4 0, 0, 1;
    %store/vec4 v0x60757d766fd0_0, 0, 1;
    %jmp T_1.65;
T_1.54 ;
    %load/vec4 v0x60757d766430_0;
    %store/vec4 v0x60757d766f10_0, 0, 1;
    %pushi/vec4 0, 0, 1;
    %store/vec4 v0x60757d766fd0_0, 0, 1;
    %jmp T_1.65;
T_1.55 ;
    %pushi/vec4 1, 0, 1;
    %store/vec4 v0x60757d766d90_0, 0, 1;
    %jmp T_1.65;
T_1.56 ;
    %pushi/vec4 1, 0, 1;
    %store/vec4 v0x60757d765ec0_0, 0, 1;
    %pushi/vec4 4, 0, 3;
    %store/vec4 v0x60757d765f80_0, 0, 3;
    %jmp T_1.65;
T_1.57 ;
    %pushi/vec4 1, 0, 1;
    %store/vec4 v0x60757d7662d0_0, 0, 1;
    %jmp T_1.65;
T_1.58 ;
    %pushi/vec4 1, 0, 1;
    %store/vec4 v0x60757d765ec0_0, 0, 1;
    %pushi/vec4 3, 0, 3;
    %store/vec4 v0x60757d765f80_0, 0, 3;
    %jmp T_1.65;
T_1.59 ;
    %pushi/vec4 0, 0, 1;
    %store/vec4 v0x60757d766040_0, 0, 1;
    %pushi/vec4 9, 0, 4;
    %store/vec4 v0x60757d766210_0, 0, 4;
    %pushi/vec4 1, 0, 1;
    %store/vec4 v0x60757d765ec0_0, 0, 1;
    %pushi/vec4 0, 0, 3;
    %store/vec4 v0x60757d765f80_0, 0, 3;
    %pushi/vec4 1, 0, 1;
    %store/vec4 v0x60757d766670_0, 0, 1;
    %pushi/vec4 1, 0, 1;
    %store/vec4 v0x60757d7665b0_0, 0, 1;
    %jmp T_1.65;
T_1.60 ;
    %pushi/vec4 0, 0, 1;
    %store/vec4 v0x60757d766040_0, 0, 1;
    %pushi/vec4 10, 0, 4;
    %store/vec4 v0x60757d766210_0, 0, 4;
    %pushi/vec4 1, 0, 1;
    %store/vec4 v0x60757d765ec0_0, 0, 1;
    %pushi/vec4 0, 0, 3;
    %store/vec4 v0x60757d765f80_0, 0, 3;
    %pushi/vec4 1, 0, 1;
    %store/vec4 v0x60757d766670_0, 0, 1;
    %pushi/vec4 1, 0, 1;
    %store/vec4 v0x60757d7665b0_0, 0, 1;
    %jmp T_1.65;
T_1.61 ;
    %pushi/vec4 0, 0, 1;
    %store/vec4 v0x60757d766040_0, 0, 1;
    %pushi/vec4 5, 0, 4;
    %store/vec4 v0x60757d766210_0, 0, 4;
    %pushi/vec4 1, 0, 1;
    %store/vec4 v0x60757d765ec0_0, 0, 1;
    %pushi/vec4 0, 0, 3;
    %store/vec4 v0x60757d765f80_0, 0, 3;
    %jmp T_1.65;
T_1.62 ;
    %pushi/vec4 0, 0, 1;
    %store/vec4 v0x60757d766040_0, 0, 1;
    %pushi/vec4 6, 0, 4;
    %store/vec4 v0x60757d766210_0, 0, 4;
    %pushi/vec4 1, 0, 1;
    %store/vec4 v0x60757d765ec0_0, 0, 1;
    %pushi/vec4 0, 0, 3;
    %store/vec4 v0x60757d765f80_0, 0, 3;
    %pushi/vec4 1, 0, 1;
    %store/vec4 v0x60757d766670_0, 0, 1;
    %pushi/vec4 1, 0, 1;
    %store/vec4 v0x60757d7665b0_0, 0, 1;
    %jmp T_1.65;
T_1.63 ;
    %pushi/vec4 0, 0, 1;
    %store/vec4 v0x60757d766040_0, 0, 1;
    %pushi/vec4 7, 0, 4;
    %store/vec4 v0x60757d766210_0, 0, 4;
    %pushi/vec4 1, 0, 1;
    %store/vec4 v0x60757d765ec0_0, 0, 1;
    %pushi/vec4 0, 0, 3;
    %store/vec4 v0x60757d765f80_0, 0, 3;
    %pushi/vec4 1, 0, 1;
    %store/vec4 v0x60757d766670_0, 0, 1;
    %pushi/vec4 1, 0, 1;
    %store/vec4 v0x60757d7665b0_0, 0, 1;
    %jmp T_1.65;
T_1.65 ;
    %pop/vec4 1;
    %pushi/vec4 0, 0, 4;
    %store/vec4 v0x60757d766bf0_0, 0, 4;
    %jmp T_1.11;
T_1.9 ;
    %pushi/vec4 9, 0, 4;
    %store/vec4 v0x60757d766bf0_0, 0, 4;
    %jmp T_1.11;
T_1.11 ;
    %pop/vec4 1;
    %jmp T_1;
    .thread T_1, $push;
    .scope S_0x60757d7632c0;
T_2 ;
    %wait E_0x60757d738a00;
    %load/vec4 v0x60757d767090_0;
    %flag_set/vec4 8;
    %jmp/0xz  T_2.0, 8;
    %pushi/vec4 0, 0, 4;
    %assign/vec4 v0x60757d7672d0_0, 0;
    %jmp T_2.1;
T_2.0 ;
    %load/vec4 v0x60757d766bf0_0;
    %assign/vec4 v0x60757d7672d0_0, 0;
T_2.1 ;
    %jmp T_2;
    .thread T_2;
    .scope S_0x60757d7676f0;
T_3 ;
    %pushi/vec4 0, 0, 32;
    %store/vec4 v0x60757d767e30_0, 0, 32;
T_3.0 ;
    %load/vec4 v0x60757d767e30_0;
    %cmpi/s 256, 0, 32;
    %jmp/0xz T_3.1, 5;
    %pushi/vec4 0, 0, 8;
    %ix/getv/s 4, v0x60757d767e30_0;
    %store/vec4a v0x60757d767f10, 4, 0;
    %load/vec4 v0x60757d767e30_0;
    %addi 1, 0, 32;
    %store/vec4 v0x60757d767e30_0, 0, 32;
    %jmp T_3.0;
T_3.1 ;
    %vpi_func 7 30 "$value$plusargs" 32, "HEXFILE=%s", v0x60757d767d90_0 {0 0 0};
    %cmpi/ne 0, 0, 32;
    %jmp/0xz  T_3.2, 4;
    %vpi_call/w 7 31 "$readmemh", v0x60757d767d90_0, v0x60757d767f10 {0 0 0};
T_3.2 ;
    %end;
    .thread T_3;
    .scope S_0x60757d7676f0;
T_4 ;
    %wait E_0x60757d738a00;
    %load/vec4 v0x60757d768190_0;
    %flag_set/vec4 8;
    %jmp/0xz  T_4.0, 8;
    %load/vec4 v0x60757d7680b0_0;
    %load/vec4 v0x60757d767bc0_0;
    %pad/u 10;
    %ix/vec4 3;
    %ix/load 4, 0, 0; Constant delay
    %assign/vec4/a/d v0x60757d767f10, 0, 4;
T_4.0 ;
    %jmp T_4;
    .thread T_4;
    .scope S_0x60757d73a470;
T_5 ;
    %wait E_0x60757d6d1140;
    %pushi/vec4 0, 0, 9;
    %store/vec4 v0x60757d763060_0, 0, 9;
    %pushi/vec4 0, 0, 1;
    %store/vec4 v0x60757d762d90_0, 0, 1;
    %pushi/vec4 0, 0, 8;
    %store/vec4 v0x60757d762f80_0, 0, 8;
    %load/vec4 v0x60757d762e50_0;
    %dup/vec4;
    %pushi/vec4 0, 0, 4;
    %cmp/u;
    %jmp/1 T_5.0, 6;
    %dup/vec4;
    %pushi/vec4 1, 0, 4;
    %cmp/u;
    %jmp/1 T_5.1, 6;
    %dup/vec4;
    %pushi/vec4 2, 0, 4;
    %cmp/u;
    %jmp/1 T_5.2, 6;
    %dup/vec4;
    %pushi/vec4 3, 0, 4;
    %cmp/u;
    %jmp/1 T_5.3, 6;
    %dup/vec4;
    %pushi/vec4 4, 0, 4;
    %cmp/u;
    %jmp/1 T_5.4, 6;
    %dup/vec4;
    %pushi/vec4 5, 0, 4;
    %cmp/u;
    %jmp/1 T_5.5, 6;
    %dup/vec4;
    %pushi/vec4 6, 0, 4;
    %cmp/u;
    %jmp/1 T_5.6, 6;
    %dup/vec4;
    %pushi/vec4 7, 0, 4;
    %cmp/u;
    %jmp/1 T_5.7, 6;
    %dup/vec4;
    %pushi/vec4 8, 0, 4;
    %cmp/u;
    %jmp/1 T_5.8, 6;
    %dup/vec4;
    %pushi/vec4 9, 0, 4;
    %cmp/u;
    %jmp/1 T_5.9, 6;
    %dup/vec4;
    %pushi/vec4 10, 0, 4;
    %cmp/u;
    %jmp/1 T_5.10, 6;
    %pushi/vec4 0, 0, 8;
    %store/vec4 v0x60757d762f80_0, 0, 8;
    %jmp T_5.12;
T_5.0 ;
    %pushi/vec4 0, 0, 1;
    %load/vec4 v0x60757d73e5e0_0;
    %concat/vec4; draw_concat_vec4
    %pushi/vec4 0, 0, 1;
    %load/vec4 v0x60757d733c90_0;
    %concat/vec4; draw_concat_vec4
    %add;
    %store/vec4 v0x60757d763060_0, 0, 9;
    %load/vec4 v0x60757d763060_0;
    %parti/s 8, 0, 2;
    %store/vec4 v0x60757d762f80_0, 0, 8;
    %load/vec4 v0x60757d763060_0;
    %parti/s 1, 8, 5;
    %store/vec4 v0x60757d762d90_0, 0, 1;
    %jmp T_5.12;
T_5.1 ;
    %pushi/vec4 0, 0, 1;
    %load/vec4 v0x60757d73e5e0_0;
    %concat/vec4; draw_concat_vec4
    %pushi/vec4 0, 0, 1;
    %load/vec4 v0x60757d733c90_0;
    %concat/vec4; draw_concat_vec4
    %sub;
    %store/vec4 v0x60757d763060_0, 0, 9;
    %load/vec4 v0x60757d763060_0;
    %parti/s 8, 0, 2;
    %store/vec4 v0x60757d762f80_0, 0, 8;
    %load/vec4 v0x60757d763060_0;
    %parti/s 1, 8, 5;
    %store/vec4 v0x60757d762d90_0, 0, 1;
    %jmp T_5.12;
T_5.2 ;
    %load/vec4 v0x60757d73e5e0_0;
    %load/vec4 v0x60757d733c90_0;
    %and;
    %store/vec4 v0x60757d762f80_0, 0, 8;
    %jmp T_5.12;
T_5.3 ;
    %load/vec4 v0x60757d73e5e0_0;
    %load/vec4 v0x60757d733c90_0;
    %or;
    %store/vec4 v0x60757d762f80_0, 0, 8;
    %jmp T_5.12;
T_5.4 ;
    %load/vec4 v0x60757d73e5e0_0;
    %load/vec4 v0x60757d733c90_0;
    %xor;
    %store/vec4 v0x60757d762f80_0, 0, 8;
    %jmp T_5.12;
T_5.5 ;
    %load/vec4 v0x60757d73e5e0_0;
    %inv;
    %store/vec4 v0x60757d762f80_0, 0, 8;
    %jmp T_5.12;
T_5.6 ;
    %load/vec4 v0x60757d73e5e0_0;
    %parti/s 7, 0, 2;
    %concati/vec4 0, 0, 1;
    %store/vec4 v0x60757d762f80_0, 0, 8;
    %load/vec4 v0x60757d73e5e0_0;
    %parti/s 1, 7, 4;
    %store/vec4 v0x60757d762d90_0, 0, 1;
    %jmp T_5.12;
T_5.7 ;
    %pushi/vec4 0, 0, 1;
    %load/vec4 v0x60757d73e5e0_0;
    %parti/s 7, 1, 2;
    %concat/vec4; draw_concat_vec4
    %store/vec4 v0x60757d762f80_0, 0, 8;
    %load/vec4 v0x60757d73e5e0_0;
    %parti/s 1, 0, 2;
    %store/vec4 v0x60757d762d90_0, 0, 1;
    %jmp T_5.12;
T_5.8 ;
    %load/vec4 v0x60757d73e5e0_0;
    %store/vec4 v0x60757d762f80_0, 0, 8;
    %jmp T_5.12;
T_5.9 ;
    %pushi/vec4 0, 0, 1;
    %load/vec4 v0x60757d73e5e0_0;
    %concat/vec4; draw_concat_vec4
    %addi 1, 0, 9;
    %store/vec4 v0x60757d763060_0, 0, 9;
    %load/vec4 v0x60757d763060_0;
    %parti/s 8, 0, 2;
    %store/vec4 v0x60757d762f80_0, 0, 8;
    %load/vec4 v0x60757d763060_0;
    %parti/s 1, 8, 5;
    %store/vec4 v0x60757d762d90_0, 0, 1;
    %jmp T_5.12;
T_5.10 ;
    %pushi/vec4 0, 0, 1;
    %load/vec4 v0x60757d73e5e0_0;
    %concat/vec4; draw_concat_vec4
    %subi 1, 0, 9;
    %store/vec4 v0x60757d763060_0, 0, 9;
    %load/vec4 v0x60757d763060_0;
    %parti/s 8, 0, 2;
    %store/vec4 v0x60757d762f80_0, 0, 8;
    %load/vec4 v0x60757d763060_0;
    %parti/s 1, 8, 5;
    %store/vec4 v0x60757d762d90_0, 0, 1;
    %jmp T_5.12;
T_5.12 ;
    %pop/vec4 1;
    %jmp T_5;
    .thread T_5, $push;
    .scope S_0x60757d73a0f0;
T_6 ;
    %wait E_0x60757d72f6a0;
    %load/vec4 v0x60757d76a210_0;
    %dup/vec4;
    %pushi/vec4 0, 0, 2;
    %cmp/u;
    %jmp/1 T_6.0, 6;
    %dup/vec4;
    %pushi/vec4 1, 0, 2;
    %cmp/u;
    %jmp/1 T_6.1, 6;
    %dup/vec4;
    %pushi/vec4 2, 0, 2;
    %cmp/u;
    %jmp/1 T_6.2, 6;
    %dup/vec4;
    %pushi/vec4 3, 0, 2;
    %cmp/u;
    %jmp/1 T_6.3, 6;
    %load/vec4 v0x60757d7685f0_0;
    %store/vec4 v0x60757d76a140_0, 0, 8;
    %jmp T_6.5;
T_6.0 ;
    %load/vec4 v0x60757d7685f0_0;
    %store/vec4 v0x60757d76a140_0, 0, 8;
    %jmp T_6.5;
T_6.1 ;
    %load/vec4 v0x60757d768530_0;
    %store/vec4 v0x60757d76a140_0, 0, 8;
    %jmp T_6.5;
T_6.2 ;
    %load/vec4 v0x60757d7686d0_0;
    %store/vec4 v0x60757d76a140_0, 0, 8;
    %jmp T_6.5;
T_6.3 ;
    %load/vec4 v0x60757d7686d0_0;
    %addi 1, 0, 8;
    %store/vec4 v0x60757d76a140_0, 0, 8;
    %jmp T_6.5;
T_6.5 ;
    %pop/vec4 1;
    %jmp T_6;
    .thread T_6, $push;
    .scope S_0x60757d73a0f0;
T_7 ;
    %wait E_0x60757d6d25f0;
    %load/vec4 v0x60757d768910_0;
    %dup/vec4;
    %pushi/vec4 0, 0, 3;
    %cmp/u;
    %jmp/1 T_7.0, 6;
    %dup/vec4;
    %pushi/vec4 1, 0, 3;
    %cmp/u;
    %jmp/1 T_7.1, 6;
    %dup/vec4;
    %pushi/vec4 2, 0, 3;
    %cmp/u;
    %jmp/1 T_7.2, 6;
    %dup/vec4;
    %pushi/vec4 3, 0, 3;
    %cmp/u;
    %jmp/1 T_7.3, 6;
    %dup/vec4;
    %pushi/vec4 4, 0, 3;
    %cmp/u;
    %jmp/1 T_7.4, 6;
    %load/vec4 v0x60757d768eb0_0;
    %store/vec4 v0x60757d768850_0, 0, 8;
    %jmp T_7.6;
T_7.0 ;
    %load/vec4 v0x60757d768eb0_0;
    %store/vec4 v0x60757d768850_0, 0, 8;
    %jmp T_7.6;
T_7.1 ;
    %load/vec4 v0x60757d76a2e0_0;
    %store/vec4 v0x60757d768850_0, 0, 8;
    %jmp T_7.6;
T_7.2 ;
    %load/vec4 v0x60757d768530_0;
    %store/vec4 v0x60757d768850_0, 0, 8;
    %jmp T_7.6;
T_7.3 ;
    %load/vec4 v0x60757d7683b0_0;
    %store/vec4 v0x60757d768850_0, 0, 8;
    %jmp T_7.6;
T_7.4 ;
    %load/vec4 v0x60757d769fd0_0;
    %store/vec4 v0x60757d768850_0, 0, 8;
    %jmp T_7.6;
T_7.6 ;
    %pop/vec4 1;
    %jmp T_7;
    .thread T_7, $push;
    .scope S_0x60757d73a0f0;
T_8 ;
    %wait E_0x60757d738a00;
    %load/vec4 v0x60757d76ab60_0;
    %flag_set/vec4 8;
    %jmp/0xz  T_8.0, 8;
    %pushi/vec4 0, 0, 8;
    %assign/vec4 v0x60757d7685f0_0, 0;
    %pushi/vec4 255, 0, 8;
    %assign/vec4 v0x60757d7686d0_0, 0;
    %pushi/vec4 0, 0, 8;
    %assign/vec4 v0x60757d7682b0_0, 0;
    %pushi/vec4 0, 0, 8;
    %assign/vec4 v0x60757d7683b0_0, 0;
    %pushi/vec4 0, 0, 8;
    %assign/vec4 v0x60757d768490_0, 0;
    %pushi/vec4 0, 0, 8;
    %assign/vec4 v0x60757d768530_0, 0;
    %pushi/vec4 0, 0, 1;
    %assign/vec4 v0x60757d769a80_0, 0;
    %pushi/vec4 0, 0, 1;
    %assign/vec4 v0x60757d7699b0_0, 0;
    %pushi/vec4 0, 0, 8;
    %assign/vec4 v0x60757d76a7b0_0, 0;
    %jmp T_8.1;
T_8.0 ;
    %load/vec4 v0x60757d76a070_0;
    %flag_set/vec4 8;
    %jmp/0xz  T_8.2, 8;
    %load/vec4 v0x60757d76a2e0_0;
    %assign/vec4 v0x60757d768490_0, 0;
T_8.2 ;
    %load/vec4 v0x60757d76a640_0;
    %flag_set/vec4 8;
    %jmp/0xz  T_8.4, 8;
    %load/vec4 v0x60757d76a2e0_0;
    %assign/vec4 v0x60757d768530_0, 0;
T_8.4 ;
    %load/vec4 v0x60757d76a850_0;
    %flag_set/vec4 8;
    %jmp/0xz  T_8.6, 8;
    %load/vec4 v0x60757d7685f0_0;
    %addi 1, 0, 8;
    %assign/vec4 v0x60757d7685f0_0, 0;
    %jmp T_8.7;
T_8.6 ;
    %load/vec4 v0x60757d76a920_0;
    %flag_set/vec4 8;
    %jmp/0xz  T_8.8, 8;
    %load/vec4 v0x60757d76aac0_0;
    %assign/vec4 v0x60757d7685f0_0, 0;
T_8.8 ;
T_8.7 ;
    %load/vec4 v0x60757d76ac30_0;
    %flag_set/vec4 8;
    %jmp/0xz  T_8.10, 8;
    %load/vec4 v0x60757d7686d0_0;
    %subi 1, 0, 8;
    %assign/vec4 v0x60757d7686d0_0, 0;
    %jmp T_8.11;
T_8.10 ;
    %load/vec4 v0x60757d76ad00_0;
    %flag_set/vec4 8;
    %jmp/0xz  T_8.12, 8;
    %load/vec4 v0x60757d7686d0_0;
    %addi 1, 0, 8;
    %assign/vec4 v0x60757d7686d0_0, 0;
T_8.12 ;
T_8.11 ;
    %load/vec4 v0x60757d7687b0_0;
    %flag_set/vec4 8;
    %jmp/0xz  T_8.14, 8;
    %load/vec4 v0x60757d768850_0;
    %assign/vec4 v0x60757d7682b0_0, 0;
T_8.14 ;
    %load/vec4 v0x60757d769130_0;
    %flag_set/vec4 8;
    %jmp/0xz  T_8.16, 8;
    %load/vec4 v0x60757d7682b0_0;
    %assign/vec4 v0x60757d7683b0_0, 0;
T_8.16 ;
    %load/vec4 v0x60757d76a6e0_0;
    %flag_set/vec4 8;
    %jmp/0xz  T_8.18, 8;
    %load/vec4 v0x60757d7682b0_0;
    %assign/vec4 v0x60757d76a7b0_0, 0;
T_8.18 ;
    %load/vec4 v0x60757d769c20_0;
    %flag_set/vec4 8;
    %jmp/0xz  T_8.20, 8;
    %load/vec4 v0x60757d768f50_0;
    %assign/vec4 v0x60757d769a80_0, 0;
T_8.20 ;
    %load/vec4 v0x60757d769b50_0;
    %flag_set/vec4 8;
    %jmp/0xz  T_8.22, 8;
    %load/vec4 v0x60757d768d40_0;
    %assign/vec4 v0x60757d7699b0_0, 0;
T_8.22 ;
T_8.1 ;
    %jmp T_8;
    .thread T_8;
    .scope S_0x60757d73a7f0;
T_9 ;
    %pushi/vec4 0, 0, 1;
    %store/vec4 v0x60757d76ae50_0, 0, 1;
    %end;
    .thread T_9;
    .scope S_0x60757d73a7f0;
T_10 ;
    %delay 5000, 0;
    %load/vec4 v0x60757d76ae50_0;
    %inv;
    %store/vec4 v0x60757d76ae50_0, 0, 1;
    %jmp T_10;
    .thread T_10;
    .scope S_0x60757d73a7f0;
T_11 ;
    %vpi_func 3 63 "$value$plusargs" 32, "HEXFILE=%s", v0x60757d76b8c0_0 {0 0 0};
    %nor/r;
    %flag_set/vec4 8;
    %jmp/0xz  T_11.0, 8;
    %pushi/str "sw/program.hex";
    %store/str v0x60757d76b8c0_0;
T_11.0 ;
    %vpi_func 3 65 "$value$plusargs" 32, "TESTNAME=%s", v0x60757d76bce0_0 {0 0 0};
    %nor/r;
    %flag_set/vec4 8;
    %jmp/0xz  T_11.2, 8;
    %pushi/str "unnamed_test";
    %store/str v0x60757d76bce0_0;
T_11.2 ;
    %vpi_func 3 67 "$value$plusargs" 32, "MAXCYCLES=%d", v0x60757d76ba40_0 {0 0 0};
    %nor/r;
    %flag_set/vec4 8;
    %jmp/0xz  T_11.4, 8;
    %pushi/vec4 2000, 0, 32;
    %store/vec4 v0x60757d76ba40_0, 0, 32;
T_11.4 ;
    %vpi_func 3 69 "$value$plusargs" 32, "EXPECTED=%d", v0x60757d76b6c0_0 {0 0 0};
    %store/vec4 v0x60757d76b800_0, 0, 32;
    %pushi/str "cpu8_";
    %load/str v0x60757d76bce0_0;
    %concat/str;
    %concati/str ".vcd";
    %vpi_call/w 3 71 "$dumpfile", S<0,str> {0 0 1};
    %vpi_call/w 3 72 "$dumpvars", 32'sb00000000000000000000000000000000, S_0x60757d73a7f0 {0 0 0};
    %vpi_call/w 3 74 "$display", "====================================================" {0 0 0};
    %vpi_call/w 3 75 "$display", "TEST: %s", v0x60757d76bce0_0 {0 0 0};
    %vpi_call/w 3 76 "$display", "HEXFILE: %s", v0x60757d76b8c0_0 {0 0 0};
    %vpi_call/w 3 77 "$display", "====================================================" {0 0 0};
    %pushi/vec4 1, 0, 1;
    %store/vec4 v0x60757d76bbf0_0, 0, 1;
    %pushi/vec4 0, 0, 8;
    %store/vec4 v0x60757d76b980_0, 0, 8;
    %pushi/vec4 0, 0, 32;
    %store/vec4 v0x60757d76af10_0, 0, 32;
    %pushi/vec4 2, 0, 32;
T_11.6 %dup/vec4;
    %pushi/vec4 0, 0, 32;
    %cmp/s;
    %jmp/1xz T_11.7, 5;
    %jmp/1 T_11.7, 4;
    %pushi/vec4 1, 0, 32;
    %sub;
    %wait E_0x60757d738a00;
    %jmp T_11.6;
T_11.7 ;
    %pop/vec4 1;
    %pushi/vec4 0, 0, 1;
    %store/vec4 v0x60757d76bbf0_0, 0, 1;
T_11.8 ;
    %load/vec4 v0x60757d76b760_0;
    %nor/r;
    %flag_set/vec4 9;
    %flag_get/vec4 9;
    %jmp/0 T_11.10, 9;
    %load/vec4 v0x60757d76af10_0;
    %load/vec4 v0x60757d76ba40_0;
    %cmp/s;
    %flag_get/vec4 5;
    %and;
T_11.10;
    %flag_set/vec4 8;
    %jmp/0xz T_11.9, 8;
    %wait E_0x60757d738a00;
    %load/vec4 v0x60757d76af10_0;
    %addi 1, 0, 32;
    %store/vec4 v0x60757d76af10_0, 0, 32;
    %jmp T_11.8;
T_11.9 ;
    %load/vec4 v0x60757d76b760_0;
    %flag_set/vec4 8;
    %jmp/0xz  T_11.11, 8;
    %vpi_call/w 3 91 "$display", "CPU halted after %0d clock cycles", v0x60757d76af10_0 {0 0 0};
    %vpi_call/w 3 92 "$display", "Final A   = %0d (0x%02h)", v0x60757d76aff0_0, v0x60757d76aff0_0 {0 0 0};
    %vpi_call/w 3 93 "$display", "Final B   = %0d (0x%02h)", v0x60757d76b0f0_0, v0x60757d76b0f0_0 {0 0 0};
    %vpi_call/w 3 94 "$display", "Final PC  = 0x%02h", v0x60757d76b380_0 {0 0 0};
    %vpi_call/w 3 95 "$display", "Final SP  = 0x%02h", v0x60757d76b450_0 {0 0 0};
    %vpi_call/w 3 96 "$display", "OUT_PORT  = %0d (0x%02h)", v0x60757d76bb00_0, v0x60757d76bb00_0 {0 0 0};
    %vpi_call/w 3 97 "$display", "Flags     = Z:%0b C:%0b", v0x60757d76b5f0_0, v0x60757d76b1c0_0 {0 0 0};
    %load/vec4 v0x60757d76b800_0;
    %cmpi/ne 0, 0, 32;
    %jmp/0xz  T_11.13, 4;
    %load/vec4 v0x60757d76bb00_0;
    %load/vec4 v0x60757d76b6c0_0;
    %parti/s 8, 0, 2;
    %cmp/e;
    %jmp/0xz  T_11.15, 4;
    %vpi_call/w 3 100 "$display", "RESULT: PASS (%s) -- out_port == %0d as expected", v0x60757d76bce0_0, v0x60757d76b6c0_0 {0 0 0};
    %jmp T_11.16;
T_11.15 ;
    %vpi_call/w 3 102 "$display", "RESULT: FAIL (%s) -- expected %0d, got %0d", v0x60757d76bce0_0, v0x60757d76b6c0_0, v0x60757d76bb00_0 {0 0 0};
T_11.16 ;
    %jmp T_11.14;
T_11.13 ;
    %vpi_call/w 3 104 "$display", "RESULT: DONE (%s) -- no +EXPECTED given, reporting only", v0x60757d76bce0_0 {0 0 0};
T_11.14 ;
    %jmp T_11.12;
T_11.11 ;
    %vpi_call/w 3 107 "$display", "RESULT: TIMEOUT (%s) -- CPU never halted after %0d cycles", v0x60757d76bce0_0, v0x60757d76af10_0 {0 0 0};
T_11.12 ;
    %vpi_call/w 3 109 "$display", "====================================================" {0 0 0};
    %vpi_call/w 3 111 "$finish" {0 0 0};
    %end;
    .thread T_11;
    .scope S_0x60757d73a7f0;
T_12 ;
    %vpi_call/w 3 116 "$monitor", "t=%0t state=%0d PC=0x%02h IR=0x%02h A=0x%02h B=0x%02h SP=0x%02h Z=%b C=%b OUT=0x%02h", $time, v0x60757d76b520_0, v0x60757d76b380_0, v0x60757d76b2b0_0, v0x60757d76aff0_0, v0x60757d76b0f0_0, v0x60757d76b450_0, v0x60757d76b5f0_0, v0x60757d76b1c0_0, v0x60757d76bb00_0 {0 0 0};
    %end;
    .thread T_12;
# The file index is used to find the file name in the following table.
:file_names 8;
    "N/A";
    "<interactive>";
    "-";
    "tb_cpu8.v";
    "cpu8.v";
    "alu8.v";
    "control_unit.v";
    "memory8.v";
